manifest should match snapshot:
  1: |
    ports:
    - name: http
      port: 80
      protocol: TCP
      targetPort: http
    selector:
      app.kubernetes.io/instance: RELEASE-NAME
      app.kubernetes.io/name: example-application
    type: ClusterIP
